PS C:\Users\acer> Get-Help Format-Table

NAME
    Format-Table

SYNTAX
    Format-Table [[-Property] <Object[]>] [-AutoSize] [-RepeatHeader] [-HideTableHeaders] [-Wrap] [-GroupBy <Object>]
    [-View <string>] [-ShowError] [-DisplayError] [-Force] [-Expand {CoreOnly | EnumOnly | Both}] [-InputObject
    <psobject>]  [<CommonParameters>]


ALIASES
    ft


REMARKS
    Get-Help cannot find the Help files for this cmdlet on this computer. It is displaying only partial help.
        -- To download and install Help files for the module that includes this cmdlet, use Update-Help.
        -- To view the Help topic for this cmdlet online, type: "Get-Help Format-Table -Online" or
           go to https://go.microsoft.com/fwlink/?LinkID=113303.
		   
		   
PS C:\Users\acer> Get-Command

CommandType     Name                                               Version    Source
-----------     ----                                               -------    ------
Alias           Add-AppPackage                                     2.0.1.0    Appx
Alias           Add-AppPackageVolume                               2.0.1.0    Appx
Alias           Add-AppProvisionedPackage                          3.0        Dism
Alias           Add-ProvisionedAppPackage                          3.0        Dism
Alias           Add-ProvisionedAppxPackage                         3.0        Dism
Alias           Add-ProvisioningPackage                            3.0        Provisioning
Alias           Add-TrustedProvisioningCertificate                 3.0        Provisioning
Alias           Apply-WindowsUnattend                              3.0        Dism
Alias           Disable-PhysicalDiskIndication                     2.0.0.0    Storage
Alias           Disable-StorageDiagnosticLog                       2.0.0.0    Storage
Alias           Dismount-AppPackageVolume                          2.0.1.0    Appx
Alias           Enable-PhysicalDiskIndication                      2.0.0.0    Storage
Alias           Enable-StorageDiagnosticLog                        2.0.0.0    Storage
Alias           Flush-Volume                                       2.0.0.0    Storage
Alias           Get-AppPackage                                     2.0.1.0    Appx
Alias           Get-AppPackageDefaultVolume                        2.0.1.0    Appx
Alias           Get-AppPackageLastError                            2.0.1.0    Appx
Alias           Get-AppPackageLog                                  2.0.1.0    Appx
Alias           Get-AppPackageManifest                             2.0.1.0    Appx
Alias           Get-AppPackageVolume                               2.0.1.0    Appx
Alias           Get-AppProvisionedPackage                          3.0        Dism
Alias           Get-DiskSNV                                        2.0.0.0    Storage
Alias           Get-PhysicalDiskSNV                                2.0.0.0    Storage
Alias           Get-ProvisionedAppPackage                          3.0        Dism
Alias           Get-ProvisionedAppxPackage                         3.0        Dism
Alias           Get-StorageEnclosureSNV                            2.0.0.0    Storage
Alias           Initialize-Volume                                  2.0.0.0    Storage
Alias           Mount-AppPackageVolume                             2.0.1.0    Appx
Alias           Move-AppPackage                                    2.0.1.0    Appx
Alias           Move-SmbClient                                     2.0.0.0    SmbWitness


PS C:\Users\acer> Get-Service "vm*"

Status   Name               DisplayName
------   ----               -----------
Stopped  vmicguestinterface Hyper-V Guest Service Interface
Stopped  vmicheartbeat      Hyper-V Heartbeat Service
Stopped  vmickvpexchange    Hyper-V Data Exchange Service
Stopped  vmicrdv            Hyper-V Remote Desktop Virtualizati...
Stopped  vmicshutdown       Hyper-V Guest Shutdown Service
Stopped  vmictimesync       Hyper-V Time Synchronization Service
Stopped  vmicvmsession      Hyper-V PowerShell Direct Service
Stopped  vmicvss            Hyper-V Volume Shadow Copy Requestor


PS C:\Users\acer> Get-Service "vm*" | Get-Member


   TypeName: System.ServiceProcess.ServiceController

Name                      MemberType    Definition
----                      ----------    ----------
Name                      AliasProperty Name = ServiceName
RequiredServices          AliasProperty RequiredServices = ServicesDependedOn
Disposed                  Event         System.EventHandler Disposed(System.Object, System.EventArgs)
Close                     Method        void Close()
Continue                  Method        void Continue()
CreateObjRef              Method        System.Runtime.Remoting.ObjRef CreateObjRef(type requestedType)
Dispose                   Method        void Dispose(), void IDisposable.Dispose()
Equals                    Method        bool Equals(System.Object obj)
ExecuteCommand            Method        void ExecuteCommand(int command)
GetHashCode               Method        int GetHashCode()
GetLifetimeService        Method        System.Object GetLifetimeService()
GetType                   Method        type GetType()
InitializeLifetimeService Method        System.Object InitializeLifetimeService()
Pause                     Method        void Pause()
Refresh                   Method        void Refresh()
Start                     Method        void Start(), void Start(string[] args)
Stop                      Method        void Stop()
WaitForStatus             Method        void WaitForStatus(System.ServiceProcess.ServiceControllerStatus desiredStat...
CanPauseAndContinue       Property      bool CanPauseAndContinue {get;}
CanShutdown               Property      bool CanShutdown {get;}
CanStop                   Property      bool CanStop {get;}
Container                 Property      System.ComponentModel.IContainer Container {get;}
DependentServices         Property      System.ServiceProcess.ServiceController[] DependentServices {get;}
DisplayName               Property      string DisplayName {get;set;}
MachineName               Property      string MachineName {get;set;}
ServiceHandle             Property      System.Runtime.InteropServices.SafeHandle ServiceHandle {get;}
ServiceName               Property      string ServiceName {get;set;}
ServicesDependedOn        Property      System.ServiceProcess.ServiceController[] ServicesDependedOn {get;}
ServiceType               Property      System.ServiceProcess.ServiceType ServiceType {get;}
Site                      Property      System.ComponentModel.ISite Site {get;set;}
StartType                 Property      System.ServiceProcess.ServiceStartMode StartType {get;}
Status                    Property      System.ServiceProcess.ServiceControllerStatus Status {get;}
ToString                  ScriptMethod  System.Object ToString();


PS C:\Users\acer> New-Item -Path 'E:\LOgO11' -ItemType Directory


    Directory: E:\


Mode                LastWriteTime         Length Name
----                -------------         ------ ----
d-----        2/18/2020   1:23 PM                LOgO11


